47820
write line to stdout
47820
write line to stdout
47820
write line to stdout
47820
write line to stdout
47820
write line to stdout
47820
write line to stdout
47820
write line to stdout
47820
write line to stdout
47820
write line to stdout
47820
write line to stdout
47820
write line to stdout
47820
write line to stdout
47820
write line to stdout
47820
write line to stdout
